
> my-next-app@0.1.0 build
> next build

   ▲ Next.js 15.4.2
   - Environments: .env.local

   Creating an optimized production build ...
 ✓ Compiled successfully in 4.0s
   Linting and checking validity of types ...

./src/app/explore/HistoryGrid.tsx
28:13  Warning: Using `<img>` could result in slower LCP and higher bandwidth. Consider using `<Image />` from `next/image` or a custom image loader to automatically optimize images. This may incur additional usage or cost from your provider. See: https://nextjs.org/docs/messages/no-img-element  @next/next/no-img-element

./src/app/explore/page.tsx
9:10  Warning: 'Sparkles' is defined but never used.  @typescript-eslint/no-unused-vars

./src/app/generator/page.tsx
22:10  Warning: 'Wand2' is defined but never used.  @typescript-eslint/no-unused-vars
22:24  Warning: 'Video' is defined but never used.  @typescript-eslint/no-unused-vars
22:40  Warning: 'ImageIcon' is defined but never used.  @typescript-eslint/no-unused-vars
169:263  Warning: Using `<img>` could result in slower LCP and higher bandwidth. Consider using `<Image />` from `next/image` or a custom image loader to automatically optimize images. This may incur additional usage or cost from your provider. See: https://nextjs.org/docs/messages/no-img-element  @next/next/no-img-element
205:23  Warning: Using `<img>` could result in slower LCP and higher bandwidth. Consider using `<Image />` from `next/image` or a custom image loader to automatically optimize images. This may incur additional usage or cost from your provider. See: https://nextjs.org/docs/messages/no-img-element  @next/next/no-img-element

./src/app/layout.tsx
5:8  Warning: 'Navbar' is defined but never used.  @typescript-eslint/no-unused-vars
6:8  Warning: 'Footer' is defined but never used.  @typescript-eslint/no-unused-vars

./src/app/marketplace/create/page.tsx
6:82  Warning: 'Timestamp' is defined but never used.  @typescript-eslint/no-unused-vars
180:25  Warning: Using `<img>` could result in slower LCP and higher bandwidth. Consider using `<Image />` from `next/image` or a custom image loader to automatically optimize images. This may incur additional usage or cost from your provider. See: https://nextjs.org/docs/messages/no-img-element  @next/next/no-img-element

./src/app/marketplace/page.tsx
234:27  Warning: Using `<img>` could result in slower LCP and higher bandwidth. Consider using `<Image />` from `next/image` or a custom image loader to automatically optimize images. This may incur additional usage or cost from your provider. See: https://nextjs.org/docs/messages/no-img-element  @next/next/no-img-element

./src/app/pricing/page.tsx
116:9  Warning: 'isValidCustomAmount' is assigned a value but never used.  @typescript-eslint/no-unused-vars

./src/app/signin/page.tsx
13:10  Warning: 'Film' is defined but never used.  @typescript-eslint/no-unused-vars
52:14  Warning: 'err' is defined but never used.  @typescript-eslint/no-unused-vars

./src/app/signup/page.tsx
13:10  Warning: 'Film' is defined but never used.  @typescript-eslint/no-unused-vars

./src/app/student-verify/page.tsx
258:21  Warning: Using `<img>` could result in slower LCP and higher bandwidth. Consider using `<Image />` from `next/image` or a custom image loader to automatically optimize images. This may incur additional usage or cost from your provider. See: https://nextjs.org/docs/messages/no-img-element  @next/next/no-img-element

./src/components/DynamicBanner.tsx
37:9  Warning: 'handleSlideChange' is assigned a value but never used.  @typescript-eslint/no-unused-vars

./src/components/HistoryCard.tsx
30:13  Warning: Using `<img>` could result in slower LCP and higher bandwidth. Consider using `<Image />` from `next/image` or a custom image loader to automatically optimize images. This may incur additional usage or cost from your provider. See: https://nextjs.org/docs/messages/no-img-element  @next/next/no-img-element

./src/components/Navbar.tsx
62:22  Warning: Using `<img>` could result in slower LCP and higher bandwidth. Consider using `<Image />` from `next/image` or a custom image loader to automatically optimize images. This may incur additional usage or cost from your provider. See: https://nextjs.org/docs/messages/no-img-element  @next/next/no-img-element

./src/components/PayoutRequestsTable.tsx
9:10  Warning: 'Badge' is defined but never used.  @typescript-eslint/no-unused-vars

./src/components/PurchaseFormModal.tsx
3:27  Warning: 'useEffect' is defined but never used.  @typescript-eslint/no-unused-vars
5:13  Warning: 'Download' is defined but never used.  @typescript-eslint/no-unused-vars

./src/components/PurchasedVideos.tsx
104:19  Warning: Using `<img>` could result in slower LCP and higher bandwidth. Consider using `<Image />` from `next/image` or a custom image loader to automatically optimize images. This may incur additional usage or cost from your provider. See: https://nextjs.org/docs/messages/no-img-element  @next/next/no-img-element

./src/components/SellerEarningsCard.tsx
5:15  Warning: 'getDoc' is defined but never used.  @typescript-eslint/no-unused-vars

./src/components/SellerSettingsCard.tsx
5:15  Warning: 'getDoc' is defined but never used.  @typescript-eslint/no-unused-vars

./src/components/VideoWithWatermark.tsx
91:6  Warning: React Hook useEffect has a missing dependency: 'isDrawing'. Either include it or remove the dependency array.  react-hooks/exhaustive-deps

./src/components/WithdrawalRequestModal.tsx
6:43  Warning: 'query' is defined but never used.  @typescript-eslint/no-unused-vars
6:50  Warning: 'onSnapshot' is defined but never used.  @typescript-eslint/no-unused-vars
6:62  Warning: 'orderBy' is defined but never used.  @typescript-eslint/no-unused-vars
6:71  Warning: 'limit' is defined but never used.  @typescript-eslint/no-unused-vars

./src/components/homepage/EmpoweringSection.tsx
36:13  Warning: Using `<img>` could result in slower LCP and higher bandwidth. Consider using `<Image />` from `next/image` or a custom image loader to automatically optimize images. This may incur additional usage or cost from your provider. See: https://nextjs.org/docs/messages/no-img-element  @next/next/no-img-element

./src/context/AuthContext.tsx
5:27  Warning: 'DocumentData' is defined but never used.  @typescript-eslint/no-unused-vars

./src/types/types.ts
2:10  Warning: 'collection' is defined but never used.  @typescript-eslint/no-unused-vars
2:22  Warning: 'doc' is defined but never used.  @typescript-eslint/no-unused-vars
2:27  Warning: 'getDoc' is defined but never used.  @typescript-eslint/no-unused-vars
2:35  Warning: 'addDoc' is defined but never used.  @typescript-eslint/no-unused-vars
2:43  Warning: 'serverTimestamp' is defined but never used.  @typescript-eslint/no-unused-vars

info  - Need to disable some ESLint rules? Learn more here: https://nextjs.org/docs/app/api-reference/config/eslint#disabling-rules
   Collecting page data ...
   Generating static pages (0/18) ...
 ⨯ useSearchParams() should be wrapped in a suspense boundary at page "/marketplace/create". Read more: https://nextjs.org/docs/messages/missing-suspense-with-csr-bailout
    at g (/Users/macbook/Documents/Dev/Next/ai-video-generator/video-generator-frontend/.next/server/chunks/628.js:3:19658)
    at l (/Users/macbook/Documents/Dev/Next/ai-video-generator/video-generator-frontend/.next/server/chunks/628.js:23:116235)
    at q (/Users/macbook/Documents/Dev/Next/ai-video-generator/video-generator-frontend/.next/server/app/marketplace/create/page.js:1:2339)
    at n4 (/Users/macbook/Documents/Dev/Next/ai-video-generator/video-generator-frontend/node_modules/next/dist/compiled/next-server/app-page.runtime.prod.js:2:81697)
    at n8 (/Users/macbook/Documents/Dev/Next/ai-video-generator/video-generator-frontend/node_modules/next/dist/compiled/next-server/app-page.runtime.prod.js:2:83467)
    at n9 (/Users/macbook/Documents/Dev/Next/ai-video-generator/video-generator-frontend/node_modules/next/dist/compiled/next-server/app-page.runtime.prod.js:2:103676)
    at n5 (/Users/macbook/Documents/Dev/Next/ai-video-generator/video-generator-frontend/node_modules/next/dist/compiled/next-server/app-page.runtime.prod.js:2:101094)
    at n3 (/Users/macbook/Documents/Dev/Next/ai-video-generator/video-generator-frontend/node_modules/next/dist/compiled/next-server/app-page.runtime.prod.js:2:82049)
    at n8 (/Users/macbook/Documents/Dev/Next/ai-video-generator/video-generator-frontend/node_modules/next/dist/compiled/next-server/app-page.runtime.prod.js:2:83513)
    at n8 (/Users/macbook/Documents/Dev/Next/ai-video-generator/video-generator-frontend/node_modules/next/dist/compiled/next-server/app-page.runtime.prod.js:2:100435)
Error occurred prerendering page "/marketplace/create". Read more: https://nextjs.org/docs/messages/prerender-error
Export encountered an error on /marketplace/create/page: /marketplace/create, exiting the build.
 ⨯ Next.js build worker exited with code: 1 and signal: null
